exports[`test renders without crashing 1`] = `
<div
  className="error-content pop-up"
  role="article">
  <div
    className="survey-wrapper">
    <div
      className="contact-message">
      <div
        className="card card-csr">
        <div
          className="card-header image card-header-image-csr">
          <h4>
            <i
              className="fa fa-exclamation-triangle" />
             Underwriting Error(s)
          </h4>
        </div>
        <div
          className="card-block">
          <h4
            className="error-message">
            Please contact us
          </h4>
          <div
            className="contact-methods">
            <a
              href="tel:8442897968">
              <i
                className="fa fa-phone" />
               (844) 289-7968
            </a>
            <a
              href="mailto:customerservice@typtap.com">
              <i
                className="fa fa-envelope" />
               email us
            </a>
          </div>
          <section
            className="display-element">
            <dl
              className="quote-number">
              <div>
                <dt>
                  Quote Number
                </dt>
                <dd />
              </div>
            </dl>
          </section>
          <p>
            The following underwriting error(s) have occured with this quote:
          </p>
          <ul
            className="error" />
          <p>
            Contact a TypTap customer service representatives so we may further assist you in obtaining a quote.
          </p>
        </div>
        <div
          className="card-footer">
          <small>
            A TypTap CSR may be able to correct your underwring error(s) allowing you to refresh and continue.
          </small>
          <div
            className="btn-group">
            <a
              className="btn btn-secondary btn-round"
              href="tel:8442897968">
              <i
                className="fa fa-phone" />
            </a>
            <button
              className="btn btn-secondary"
              onClick={[Function]}>
              Refresh
            </button>
            <button
              className="btn btn-primary"
              onClick={[Function]}>
              New Quote
            </button>
          </div>
        </div>
      </div>
    </div>
  </div>
</div>
`;
