exports[`test renders without crashing 1`] = `
<header
  className="">
  <div
    role="banner">
    <button
      className="btn-icon btn-bars"
      onClick={undefined}>
      <i
        className="fa fa-bars" />
    </button>
    <a
      className="logo"
      href="/"
      id="logo">
      <img
        alt="TypTap Insurance"
        src="TypTap.svg" />
    </a>
    <button
      className="btn-icon btn-ellipsis-v">
      <i
        className="fa fa-ellipsis-v"
        onClick={undefined} />
    </button>
    <nav
      className="">
      <a
        className={undefined}
        href="https://www.typtap.com">
        HOME
      </a>
      <a
        className="active"
        href="">
        AGENTS
      </a>
      <a
        className={undefined}
        href="https://policyholder.typtap.com/login">
        POLICYHOLDERS
      </a>
      <a
        className="link-phone btn"
        href="tel:844-289-7968">
        844-289-7968
      </a>
    </nav>
    <div
      className="nav-modal"
      onClick={undefined} />
  </div>
</header>
`;
